SyntaxError: Expected property name or '}' in JSON at position 1 (line 1 column 2)
    at JSON.parse (<anonymous>)
    at parse (C:\Users\nathaniel.engstrom\Documents\GitHub\Slut_projekt\server\node_modules\body-parser\lib\types\json.js:72:19)
    at C:\Users\nathaniel.engstrom\Documents\GitHub\Slut_projekt\server\node_modules\body-parser\lib\read.js:162:18
    at AsyncResource.runInAsyncScope (node:async_hooks:214:14)
    at invokeCallback (C:\Users\nathaniel.engstrom\Documents\GitHub\Slut_projekt\server\node_modules\raw-body\index.js:238:16)
    at done (C:\Users\nathaniel.engstrom\Documents\GitHub\Slut_projekt\server\node_modules\raw-body\index.js:227:7)
    at IncomingMessage.onEnd (C:\Users\nathaniel.engstrom\Documents\GitHub\Slut_projekt\server\node_modules\raw-body\index.js:287:7)
    at IncomingMessage.emit (node:events:508:28)
    at endReadableNT (node:internal/streams/readable:1701:12)
    at process.processTicksAndRejections (node:internal/process/task_queues:89:21)
SyntaxError: Expected property name or '}' in JSON at position 1 (line 1 column 2)
    at JSON.parse (<anonymous>)
    at parse (C:\Users\nathaniel.engstrom\Documents\GitHub\Slut_projekt\server\node_modules\body-parser\lib\types\json.js:72:19)
    at C:\Users\nathaniel.engstrom\Documents\GitHub\Slut_projekt\server\node_modules\body-parser\lib\read.js:162:18
    at AsyncResource.runInAsyncScope (node:async_hooks:214:14)
    at invokeCallback (C:\Users\nathaniel.engstrom\Documents\GitHub\Slut_projekt\server\node_modules\raw-body\index.js:238:16)
    at done (C:\Users\nathaniel.engstrom\Documents\GitHub\Slut_projekt\server\node_modules\raw-body\index.js:227:7)
    at IncomingMessage.onEnd (C:\Users\nathaniel.engstrom\Documents\GitHub\Slut_projekt\server\node_modules\raw-body\index.js:287:7)
    at IncomingMessage.emit (node:events:508:28)
    at endReadableNT (node:internal/streams/readable:1701:12)
    at process.processTicksAndRejections (node:internal/process/task_queues:89:21)
SyntaxError: Expected property name or '}' in JSON at position 1 (line 1 column 2)
    at JSON.parse (<anonymous>)
    at parse (C:\Users\nathaniel.engstrom\Documents\GitHub\Slut_projekt\server\node_modules\body-parser\lib\types\json.js:72:19)
    at C:\Users\nathaniel.engstrom\Documents\GitHub\Slut_projekt\server\node_modules\body-parser\lib\read.js:162:18
    at AsyncResource.runInAsyncScope (node:async_hooks:214:14)
    at invokeCallback (C:\Users\nathaniel.engstrom\Documents\GitHub\Slut_projekt\server\node_modules\raw-body\index.js:238:16)
    at done (C:\Users\nathaniel.engstrom\Documents\GitHub\Slut_projekt\server\node_modules\raw-body\index.js:227:7)
    at IncomingMessage.onEnd (C:\Users\nathaniel.engstrom\Documents\GitHub\Slut_projekt\server\node_modules\raw-body\index.js:287:7)
    at IncomingMessage.emit (node:events:508:28)
    at endReadableNT (node:internal/streams/readable:1701:12)
    at process.processTicksAndRejections (node:internal/process/task_queues:89:21)
